[INFO] Scanning for projects...
[INFO] 
[INFO] --< com.smartcampus.operationshub:smart-campus-operations-hub-backend >--
[INFO] Building Smart Campus Operations Hub Backend 0.0.1-SNAPSHOT
[INFO]   from pom.xml
[INFO] --------------------------------[ jar ]---------------------------------
[INFO] 
[INFO] >>> spring-boot:3.3.5:run (default-cli) > test-compile @ smart-campus-operations-hub-backend >>>
[INFO] 
[INFO] --- resources:3.3.1:resources (default-resources) @ smart-campus-operations-hub-backend ---
[INFO] Copying 3 resources from src\main\resources to target\classes
[INFO] Copying 0 resource from src\main\resources to target\classes
[INFO] 
[INFO] --- compiler:3.13.0:compile (default-compile) @ smart-campus-operations-hub-backend ---
[INFO] Nothing to compile - all classes are up to date.
[INFO] 
[INFO] --- resources:3.3.1:testResources (default-testResources) @ smart-campus-operations-hub-backend ---
[INFO] Copying 2 resources from src\test\resources to target\test-classes
[INFO] 
[INFO] --- compiler:3.13.0:testCompile (default-testCompile) @ smart-campus-operations-hub-backend ---
[INFO] Nothing to compile - all classes are up to date.
[INFO] 
[INFO] <<< spring-boot:3.3.5:run (default-cli) < test-compile @ smart-campus-operations-hub-backend <<<
[INFO] 
[INFO] 
[INFO] --- spring-boot:3.3.5:run (default-cli) @ smart-campus-operations-hub-backend ---
[INFO] Attaching agents: []

  .   ____          _            __ _ _
 /\\ / ___'_ __ _ _(_)_ __  __ _ \ \ \ \
( ( )\___ | '_ | '_| | '_ \/ _` | \ \ \ \
 \\/  ___)| |_)| | | | | || (_| |  ) ) ) )
  '  |____| .__|_| |_|_| |_\__, | / / / /
 =========|_|==============|___/=/_/_/_/

 :: Spring Boot ::                (v3.3.5)

2026-04-19T14:15:35.381+05:30  INFO 35628 --- [module-c-backend] [           main] c.s.modulec.ModuleCBackendApplication    : Starting ModuleCBackendApplication using Java 23.0.1 with PID 35628 (C:\Users\afnle\OneDrive\Desktop\PAF - finale\smart_campus_operation\Backend\target\classes started by afnle in C:\Users\afnle\OneDrive\Desktop\PAF - finale\smart_campus_operation\Backend)
2026-04-19T14:15:35.382+05:30  INFO 35628 --- [module-c-backend] [           main] c.s.modulec.ModuleCBackendApplication    : No active profile set, falling back to 1 default profile: "default"
2026-04-19T14:15:35.878+05:30  INFO 35628 --- [module-c-backend] [           main] .s.d.r.c.RepositoryConfigurationDelegate : Bootstrapping Spring Data JPA repositories in DEFAULT mode.
2026-04-19T14:15:35.950+05:30  INFO 35628 --- [module-c-backend] [           main] .s.d.r.c.RepositoryConfigurationDelegate : Finished Spring Data repository scanning in 66 ms. Found 11 JPA repository interfaces.
2026-04-19T14:15:36.476+05:30  INFO 35628 --- [module-c-backend] [           main] o.s.b.w.embedded.tomcat.TomcatWebServer  : Tomcat initialized with port 8082 (http)
2026-04-19T14:15:36.492+05:30  INFO 35628 --- [module-c-backend] [           main] o.apache.catalina.core.StandardService   : Starting service [Tomcat]
2026-04-19T14:15:36.492+05:30  INFO 35628 --- [module-c-backend] [           main] o.apache.catalina.core.StandardEngine    : Starting Servlet engine: [Apache Tomcat/10.1.31]
2026-04-19T14:15:36.543+05:30  INFO 35628 --- [module-c-backend] [           main] o.a.c.c.C.[Tomcat].[localhost].[/]       : Initializing Spring embedded WebApplicationContext
2026-04-19T14:15:36.544+05:30  INFO 35628 --- [module-c-backend] [           main] w.s.c.ServletWebServerApplicationContext : Root WebApplicationContext: initialization completed in 1111 ms
2026-04-19T14:15:36.564+05:30  INFO 35628 --- [module-c-backend] [           main] com.zaxxer.hikari.HikariDataSource       : HikariPool-1 - Starting...
2026-04-19T14:15:37.716+05:30  INFO 35628 --- [module-c-backend] [           main] com.zaxxer.hikari.pool.HikariPool        : HikariPool-1 - Added connection org.postgresql.jdbc.PgConnection@7f2c57fe
2026-04-19T14:15:37.718+05:30  INFO 35628 --- [module-c-backend] [           main] com.zaxxer.hikari.HikariDataSource       : HikariPool-1 - Start completed.
2026-04-19T14:15:37.725+05:30  INFO 35628 --- [module-c-backend] [           main] o.s.b.a.h2.H2ConsoleAutoConfiguration    : H2 console available at '/h2-console'. Database available at 'jdbc:postgresql://ep-late-heart-a1f1yb0n-pooler.ap-southeast-1.aws.neon.tech/neondb?sslmode=require&channel_binding=require'
2026-04-19T14:15:37.795+05:30  INFO 35628 --- [module-c-backend] [           main] o.hibernate.jpa.internal.util.LogHelper  : HHH000204: Processing PersistenceUnitInfo [name: default]
2026-04-19T14:15:37.846+05:30  INFO 35628 --- [module-c-backend] [           main] org.hibernate.Version                    : HHH000412: Hibernate ORM core version 6.5.3.Final
2026-04-19T14:15:37.873+05:30  INFO 35628 --- [module-c-backend] [           main] o.h.c.internal.RegionFactoryInitiator    : HHH000026: Second-level cache disabled
2026-04-19T14:15:38.104+05:30  INFO 35628 --- [module-c-backend] [           main] o.s.o.j.p.SpringPersistenceUnitInfo      : No LoadTimeWeaver setup: ignoring JPA class transformer
2026-04-19T14:15:39.303+05:30  INFO 35628 --- [module-c-backend] [           main] o.h.e.t.j.p.i.JtaPlatformInitiator       : HHH000489: No JTA platform available (set 'hibernate.transaction.jta.platform' to enable JTA platform integration)
Hibernate: 
    alter table if exists ticket_evidence 
       alter column reference_url set data type varchar(2000)
2026-04-19T14:15:41.893+05:30  INFO 35628 --- [module-c-backend] [           main] j.LocalContainerEntityManagerFactoryBean : Initialized JPA EntityManagerFactory for persistence unit 'default'
2026-04-19T14:15:42.679+05:30  INFO 35628 --- [module-c-backend] [           main] o.s.b.w.embedded.tomcat.TomcatWebServer  : Tomcat started on port 8082 (http) with context path '/'
2026-04-19T14:15:42.683+05:30  INFO 35628 --- [module-c-backend] [           main] c.s.modulec.ModuleCBackendApplication    : Started ModuleCBackendApplication in 7.608 seconds (process running for 7.898)
2026-04-19T14:15:42.750+05:30  INFO 35628 --- [module-c-backend] [nio-8082-exec-1] o.a.c.c.C.[Tomcat].[localhost].[/]       : Initializing Spring DispatcherServlet 'dispatcherServlet'
2026-04-19T14:15:42.750+05:30  INFO 35628 --- [module-c-backend] [nio-8082-exec-1] o.s.web.servlet.DispatcherServlet        : Initializing Servlet 'dispatcherServlet'
2026-04-19T14:15:42.751+05:30  INFO 35628 --- [module-c-backend] [nio-8082-exec-1] o.s.web.servlet.DispatcherServlet        : Completed initialization in 1 ms
Hibernate: 
    select
        count(*) 
    from
        facility_assets fa1_0
Hibernate: 
    select
        t1_0.id,
        t1_0.assigned_at,
        t1_0.assigned_by_name,
        t1_0.assigned_technician_id,
        t1_0.assigned_technician_name,
        t1_0.category,
        t1_0.closed_at,
        t1_0.closed_by_name,
        t1_0.created_at,
        t1_0.description,
        t1_0.evidence_notes,
        t1_0.incident_location,
        t1_0.operational_impact,
        t1_0.preferred_contact,
        t1_0.priority,
        t1_0.rejected_at,
        t1_0.rejected_by_name,
        t1_0.rejection_reason,
        t1_0.related_booking_id,
        t1_0.related_booking_label,
        t1_0.reporter_email,
        t1_0.reporter_id,
        t1_0.reporter_name,
        t1_0.reporter_role,
        t1_0.resolution_notes,
        t1_0.resolved_at,
        t1_0.resolved_by_name,
        t1_0.resource_location,
        t1_0.resource_name,
        t1_0.resource_type,
        t1_0.status,
        t1_0.technician_started_at,
        t1_0.technician_started_by_name,
        t1_0.title,
        t1_0.updated_at 
    from
        tickets t1_0
Hibernate: 
    select
        count(*) 
    from
        tickets t1_0
Hibernate: 
    select
        au1_0.id,
        au1_0.accepted_terms_at,
        au1_0.auth_provider_type,
        au1_0.batch,
        au1_0.campus,
        au1_0.created_at,
        au1_0.email,
        au1_0.email_verified,
        au1_0.faculty,
        au1_0.full_name,
        au1_0.google_id,
        au1_0.password_hash,
        au1_0.phone,
        au1_0.public_id,
        au1_0.role,
        au1_0.status,
        au1_0.student_id,
        au1_0.updated_at 
    from
        auth_users au1_0 
    where
        au1_0.public_id=?
Hibernate: 
    select
        au1_0.id,
        au1_0.accepted_terms_at,
        au1_0.auth_provider_type,
        au1_0.batch,
        au1_0.campus,
        au1_0.created_at,
        au1_0.email,
        au1_0.email_verified,
        au1_0.faculty,
        au1_0.full_name,
        au1_0.google_id,
        au1_0.password_hash,
        au1_0.phone,
        au1_0.public_id,
        au1_0.role,
        au1_0.status,
        au1_0.student_id,
        au1_0.updated_at 
    from
        auth_users au1_0 
    where
        au1_0.id=?
Hibernate: 
    select
        au1_0.id,
        au1_0.accepted_terms_at,
        au1_0.auth_provider_type,
        au1_0.batch,
        au1_0.campus,
        au1_0.created_at,
        au1_0.email,
        au1_0.email_verified,
        au1_0.faculty,
        au1_0.full_name,
        au1_0.google_id,
        au1_0.password_hash,
        au1_0.phone,
        au1_0.public_id,
        au1_0.role,
        au1_0.status,
        au1_0.student_id,
        au1_0.updated_at 
    from
        auth_users au1_0 
    where
        au1_0.public_id=?
Hibernate: 
    select
        au1_0.id,
        au1_0.accepted_terms_at,
        au1_0.auth_provider_type,
        au1_0.batch,
        au1_0.campus,
        au1_0.created_at,
        au1_0.email,
        au1_0.email_verified,
        au1_0.faculty,
        au1_0.full_name,
        au1_0.google_id,
        au1_0.password_hash,
        au1_0.phone,
        au1_0.public_id,
        au1_0.role,
        au1_0.status,
        au1_0.student_id,
        au1_0.updated_at 
    from
        auth_users au1_0 
    where
        au1_0.id=?
Hibernate: 
    update
        auth_users 
    set
        accepted_terms_at=?,
        auth_provider_type=?,
        batch=?,
        campus=?,
        created_at=?,
        email=?,
        email_verified=?,
        faculty=?,
        full_name=?,
        google_id=?,
        password_hash=?,
        phone=?,
        public_id=?,
        role=?,
        status=?,
        student_id=?,
        updated_at=? 
    where
        id=?
Hibernate: 
    select
        au1_0.id,
        au1_0.accepted_terms_at,
        au1_0.auth_provider_type,
        au1_0.batch,
        au1_0.campus,
        au1_0.created_at,
        au1_0.email,
        au1_0.email_verified,
        au1_0.faculty,
        au1_0.full_name,
        au1_0.google_id,
        au1_0.password_hash,
        au1_0.phone,
        au1_0.public_id,
        au1_0.role,
        au1_0.status,
        au1_0.student_id,
        au1_0.updated_at 
    from
        auth_users au1_0 
    where
        au1_0.public_id=?
Hibernate: 
    select
        au1_0.id,
        au1_0.accepted_terms_at,
        au1_0.auth_provider_type,
        au1_0.batch,
        au1_0.campus,
        au1_0.created_at,
        au1_0.email,
        au1_0.email_verified,
        au1_0.faculty,
        au1_0.full_name,
        au1_0.google_id,
        au1_0.password_hash,
        au1_0.phone,
        au1_0.public_id,
        au1_0.role,
        au1_0.status,
        au1_0.student_id,
        au1_0.updated_at 
    from
        auth_users au1_0 
    where
        au1_0.id=?
Hibernate: 
    update
        auth_users 
    set
        accepted_terms_at=?,
        auth_provider_type=?,
        batch=?,
        campus=?,
        created_at=?,
        email=?,
        email_verified=?,
        faculty=?,
        full_name=?,
        google_id=?,
        password_hash=?,
        phone=?,
        public_id=?,
        role=?,
        status=?,
        student_id=?,
        updated_at=? 
    where
        id=?
Hibernate: 
    select
        count(*) 
    from
        resource_asset ra1_0
Hibernate: 
    select
        ra1_0.id,
        ra1_0.available_from,
        ra1_0.available_to,
        ra1_0.capacity,
        ra1_0.code,
        ra1_0.description,
        ra1_0.health_score,
        ra1_0.image_url,
        ra1_0.location,
        ra1_0.name,
        ra1_0.status,
        ra1_0.type 
    from
        resource_asset ra1_0
Hibernate: 
    select
        count(*) 
    from
        booking_record br1_0
Hibernate: 
    select
        br1_0.id,
        br1_0.attendees,
        br1_0.booking_date,
        br1_0.cancellation_request_note,
        br1_0.cancellation_requested_at,
        br1_0.created_at,
        br1_0.end_time,
        br1_0.purpose,
        br1_0.rejection_reason,
        br1_0.requester_email,
        br1_0.requester_id,
        br1_0.requester_name,
        br1_0.requester_role,
        br1_0.resource_id,
        br1_0.resource_location,
        br1_0.resource_name,
        br1_0.start_time,
        br1_0.status,
        br1_0.updated_at 
    from
        booking_record br1_0
Hibernate: 
    select
        count(*) 
    from
        notification_event ne1_0
Hibernate: 
    select
        ti1_0.id,
        ti1_0.accepted_at,
        ti1_0.created_at,
        ti1_0.email,
        ti1_0.expires_at,
        ti1_0.full_name,
        ti1_0.invited_by_name,
        ti1_0.invited_by_user_id,
        ti1_0.invited_role,
        ti1_0.revoked_at,
        ti1_0.token_hash,
        ti1_0.user_id 
    from
        technician_invites ti1_0 
    where
        ti1_0.token_hash=?
Hibernate: 
    select
        ti1_0.id,
        ti1_0.accepted_at,
        ti1_0.created_at,
        ti1_0.email,
        ti1_0.expires_at,
        ti1_0.full_name,
        ti1_0.invited_by_name,
        ti1_0.invited_by_user_id,
        ti1_0.invited_role,
        ti1_0.revoked_at,
        ti1_0.token_hash,
        ti1_0.user_id 
    from
        technician_invites ti1_0 
    where
        ti1_0.token_hash=?
[INFO] ------------------------------------------------------------------------
[INFO] BUILD FAILURE
[INFO] ------------------------------------------------------------------------
[INFO] Total time:  07:22 min
[INFO] Finished at: 2026-04-19T14:22:55+05:30
[INFO] ------------------------------------------------------------------------
[ERROR] Failed to execute goal org.springframework.boot:spring-boot-maven-plugin:3.3.5:run (default-cli) on project smart-campus-operations-hub-backend: Process terminated with exit code: -1 -> [Help 1]
[ERROR] 
[ERROR] To see the full stack trace of the errors, re-run Maven with the -e switch.
[ERROR] Re-run Maven using the -X switch to enable full debug logging.
[ERROR] 
[ERROR] For more information about the errors and possible solutions, please read the following articles:
[ERROR] [Help 1] http://cwiki.apache.org/confluence/display/MAVEN/MojoExecutionException
