[INFO] Scanning for projects...
[INFO] 
[INFO] --< com.smartcampus.operationshub:smart-campus-operations-hub-backend >--
[INFO] Building Smart Campus Operations Hub Backend 0.0.1-SNAPSHOT
[INFO]   from pom.xml
[INFO] --------------------------------[ jar ]---------------------------------
[INFO] 
[INFO] >>> spring-boot:3.3.5:run (default-cli) > test-compile @ smart-campus-operations-hub-backend >>>
[INFO] 
[INFO] --- resources:3.3.1:resources (default-resources) @ smart-campus-operations-hub-backend ---
[INFO] Copying 3 resources from src\main\resources to target\classes
[INFO] Copying 0 resource from src\main\resources to target\classes
[INFO] 
[INFO] --- compiler:3.13.0:compile (default-compile) @ smart-campus-operations-hub-backend ---
[INFO] Nothing to compile - all classes are up to date.
[INFO] 
[INFO] --- resources:3.3.1:testResources (default-testResources) @ smart-campus-operations-hub-backend ---
[INFO] skip non existing resourceDirectory C:\Users\afnle\OneDrive\Desktop\PAF - finale\smart_campus_operation\Backend\src\test\resources
[INFO] 
[INFO] --- compiler:3.13.0:testCompile (default-testCompile) @ smart-campus-operations-hub-backend ---
[INFO] Nothing to compile - all classes are up to date.
[INFO] 
[INFO] <<< spring-boot:3.3.5:run (default-cli) < test-compile @ smart-campus-operations-hub-backend <<<
[INFO] 
[INFO] 
[INFO] --- spring-boot:3.3.5:run (default-cli) @ smart-campus-operations-hub-backend ---
[INFO] Attaching agents: []

  .   ____          _            __ _ _
 /\\ / ___'_ __ _ _(_)_ __  __ _ \ \ \ \
( ( )\___ | '_ | '_| | '_ \/ _` | \ \ \ \
 \\/  ___)| |_)| | | | | || (_| |  ) ) ) )
  '  |____| .__|_| |_|_| |_\__, | / / / /
 =========|_|==============|___/=/_/_/_/

 :: Spring Boot ::                (v3.3.5)

2026-04-17T04:35:41.299+05:30  INFO 37776 --- [module-c-backend] [           main] c.s.modulec.ModuleCBackendApplication    : Starting ModuleCBackendApplication using Java 23.0.1 with PID 37776 (C:\Users\afnle\OneDrive\Desktop\PAF - finale\smart_campus_operation\Backend\target\classes started by afnle in C:\Users\afnle\OneDrive\Desktop\PAF - finale\smart_campus_operation\Backend)
2026-04-17T04:35:41.301+05:30  INFO 37776 --- [module-c-backend] [           main] c.s.modulec.ModuleCBackendApplication    : No active profile set, falling back to 1 default profile: "default"
2026-04-17T04:35:41.699+05:30  INFO 37776 --- [module-c-backend] [           main] .s.d.r.c.RepositoryConfigurationDelegate : Bootstrapping Spring Data JPA repositories in DEFAULT mode.
2026-04-17T04:35:41.742+05:30  INFO 37776 --- [module-c-backend] [           main] .s.d.r.c.RepositoryConfigurationDelegate : Finished Spring Data repository scanning in 36 ms. Found 6 JPA repository interfaces.
2026-04-17T04:35:42.083+05:30  INFO 37776 --- [module-c-backend] [           main] o.s.b.w.embedded.tomcat.TomcatWebServer  : Tomcat initialized with port 8082 (http)
2026-04-17T04:35:42.094+05:30  INFO 37776 --- [module-c-backend] [           main] o.apache.catalina.core.StandardService   : Starting service [Tomcat]
2026-04-17T04:35:42.094+05:30  INFO 37776 --- [module-c-backend] [           main] o.apache.catalina.core.StandardEngine    : Starting Servlet engine: [Apache Tomcat/10.1.31]
2026-04-17T04:35:42.131+05:30  INFO 37776 --- [module-c-backend] [           main] o.a.c.c.C.[Tomcat].[localhost].[/]       : Initializing Spring embedded WebApplicationContext
2026-04-17T04:35:42.133+05:30  INFO 37776 --- [module-c-backend] [           main] w.s.c.ServletWebServerApplicationContext : Root WebApplicationContext: initialization completed in 794 ms
2026-04-17T04:35:42.152+05:30  INFO 37776 --- [module-c-backend] [           main] com.zaxxer.hikari.HikariDataSource       : HikariPool-1 - Starting...
2026-04-17T04:35:43.753+05:30  INFO 37776 --- [module-c-backend] [           main] com.zaxxer.hikari.pool.HikariPool        : HikariPool-1 - Added connection org.postgresql.jdbc.PgConnection@54af3cb9
2026-04-17T04:35:43.755+05:30  INFO 37776 --- [module-c-backend] [           main] com.zaxxer.hikari.HikariDataSource       : HikariPool-1 - Start completed.
2026-04-17T04:35:43.761+05:30  INFO 37776 --- [module-c-backend] [           main] o.s.b.a.h2.H2ConsoleAutoConfiguration    : H2 console available at '/h2-console'. Database available at 'jdbc:postgresql://ep-late-heart-a1f1yb0n-pooler.ap-southeast-1.aws.neon.tech/neondb?sslmode=require&channel_binding=require'
2026-04-17T04:35:43.835+05:30  INFO 37776 --- [module-c-backend] [           main] o.hibernate.jpa.internal.util.LogHelper  : HHH000204: Processing PersistenceUnitInfo [name: default]
2026-04-17T04:35:43.860+05:30  INFO 37776 --- [module-c-backend] [           main] org.hibernate.Version                    : HHH000412: Hibernate ORM core version 6.5.3.Final
2026-04-17T04:35:43.881+05:30  INFO 37776 --- [module-c-backend] [           main] o.h.c.internal.RegionFactoryInitiator    : HHH000026: Second-level cache disabled
2026-04-17T04:35:44.037+05:30  INFO 37776 --- [module-c-backend] [           main] o.s.o.j.p.SpringPersistenceUnitInfo      : No LoadTimeWeaver setup: ignoring JPA class transformer
2026-04-17T04:35:45.052+05:30  INFO 37776 --- [module-c-backend] [           main] o.h.e.t.j.p.i.JtaPlatformInitiator       : HHH000489: No JTA platform available (set 'hibernate.transaction.jta.platform' to enable JTA platform integration)
2026-04-17T04:35:47.332+05:30  INFO 37776 --- [module-c-backend] [           main] j.LocalContainerEntityManagerFactoryBean : Initialized JPA EntityManagerFactory for persistence unit 'default'
2026-04-17T04:35:47.863+05:30  INFO 37776 --- [module-c-backend] [           main] o.s.b.w.embedded.tomcat.TomcatWebServer  : Tomcat started on port 8082 (http) with context path '/'
2026-04-17T04:35:47.873+05:30  INFO 37776 --- [module-c-backend] [           main] c.s.modulec.ModuleCBackendApplication    : Started ModuleCBackendApplication in 6.802 seconds (process running for 7.015)
Hibernate: 
    select
        count(*) 
    from
        tickets t1_0
Hibernate: 
    select
        au1_0.id,
        au1_0.accepted_terms_at,
        au1_0.auth_provider_type,
        au1_0.batch,
        au1_0.campus,
        au1_0.created_at,
        au1_0.email,
        au1_0.email_verified,
        au1_0.faculty,
        au1_0.full_name,
        au1_0.google_id,
        au1_0.password_hash,
        au1_0.phone,
        au1_0.public_id,
        au1_0.role,
        au1_0.status,
        au1_0.student_id,
        au1_0.updated_at 
    from
        auth_users au1_0 
    where
        au1_0.public_id=?
Hibernate: 
    select
        au1_0.id,
        au1_0.accepted_terms_at,
        au1_0.auth_provider_type,
        au1_0.batch,
        au1_0.campus,
        au1_0.created_at,
        au1_0.email,
        au1_0.email_verified,
        au1_0.faculty,
        au1_0.full_name,
        au1_0.google_id,
        au1_0.password_hash,
        au1_0.phone,
        au1_0.public_id,
        au1_0.role,
        au1_0.status,
        au1_0.student_id,
        au1_0.updated_at 
    from
        auth_users au1_0 
    where
        au1_0.id=?
Hibernate: 
    select
        au1_0.id,
        au1_0.accepted_terms_at,
        au1_0.auth_provider_type,
        au1_0.batch,
        au1_0.campus,
        au1_0.created_at,
        au1_0.email,
        au1_0.email_verified,
        au1_0.faculty,
        au1_0.full_name,
        au1_0.google_id,
        au1_0.password_hash,
        au1_0.phone,
        au1_0.public_id,
        au1_0.role,
        au1_0.status,
        au1_0.student_id,
        au1_0.updated_at 
    from
        auth_users au1_0 
    where
        au1_0.public_id=?
Hibernate: 
    select
        au1_0.id,
        au1_0.accepted_terms_at,
        au1_0.auth_provider_type,
        au1_0.batch,
        au1_0.campus,
        au1_0.created_at,
        au1_0.email,
        au1_0.email_verified,
        au1_0.faculty,
        au1_0.full_name,
        au1_0.google_id,
        au1_0.password_hash,
        au1_0.phone,
        au1_0.public_id,
        au1_0.role,
        au1_0.status,
        au1_0.student_id,
        au1_0.updated_at 
    from
        auth_users au1_0 
    where
        au1_0.email=?
Hibernate: 
    insert 
    into
        auth_users
        (accepted_terms_at, auth_provider_type, batch, campus, created_at, email, email_verified, faculty, full_name, google_id, password_hash, phone, public_id, role, status, student_id, updated_at) 
    values
        (?, ?, ?, ?, ?, ?, ?, ?, ?, ?, ?, ?, ?, ?, ?, ?, ?) 
    returning id
Hibernate: 
    select
        au1_0.id,
        au1_0.accepted_terms_at,
        au1_0.auth_provider_type,
        au1_0.batch,
        au1_0.campus,
        au1_0.created_at,
        au1_0.email,
        au1_0.email_verified,
        au1_0.faculty,
        au1_0.full_name,
        au1_0.google_id,
        au1_0.password_hash,
        au1_0.phone,
        au1_0.public_id,
        au1_0.role,
        au1_0.status,
        au1_0.student_id,
        au1_0.updated_at 
    from
        auth_users au1_0 
    where
        au1_0.public_id=?
Hibernate: 
    select
        au1_0.id,
        au1_0.accepted_terms_at,
        au1_0.auth_provider_type,
        au1_0.batch,
        au1_0.campus,
        au1_0.created_at,
        au1_0.email,
        au1_0.email_verified,
        au1_0.faculty,
        au1_0.full_name,
        au1_0.google_id,
        au1_0.password_hash,
        au1_0.phone,
        au1_0.public_id,
        au1_0.role,
        au1_0.status,
        au1_0.student_id,
        au1_0.updated_at 
    from
        auth_users au1_0 
    where
        au1_0.email=?
Hibernate: 
    insert 
    into
        auth_users
        (accepted_terms_at, auth_provider_type, batch, campus, created_at, email, email_verified, faculty, full_name, google_id, password_hash, phone, public_id, role, status, student_id, updated_at) 
    values
        (?, ?, ?, ?, ?, ?, ?, ?, ?, ?, ?, ?, ?, ?, ?, ?, ?) 
    returning id
2026-04-17T04:36:27.669+05:30  INFO 37776 --- [module-c-backend] [nio-8082-exec-1] o.a.c.c.C.[Tomcat].[localhost].[/]       : Initializing Spring DispatcherServlet 'dispatcherServlet'
2026-04-17T04:36:27.670+05:30  INFO 37776 --- [module-c-backend] [nio-8082-exec-1] o.s.web.servlet.DispatcherServlet        : Initializing Servlet 'dispatcherServlet'
2026-04-17T04:36:27.670+05:30  INFO 37776 --- [module-c-backend] [nio-8082-exec-1] o.s.web.servlet.DispatcherServlet        : Completed initialization in 0 ms
[INFO] ------------------------------------------------------------------------
[INFO] BUILD FAILURE
[INFO] ------------------------------------------------------------------------
[INFO] Total time:  01:04 min
[INFO] Finished at: 2026-04-17T04:36:43+05:30
[INFO] ------------------------------------------------------------------------
[ERROR] Failed to execute goal org.springframework.boot:spring-boot-maven-plugin:3.3.5:run (default-cli) on project smart-campus-operations-hub-backend: Process terminated with exit code: -1 -> [Help 1]
[ERROR] 
[ERROR] To see the full stack trace of the errors, re-run Maven with the -e switch.
[ERROR] Re-run Maven using the -X switch to enable full debug logging.
[ERROR] 
[ERROR] For more information about the errors and possible solutions, please read the following articles:
[ERROR] [Help 1] http://cwiki.apache.org/confluence/display/MAVEN/MojoExecutionException
